// Jest Snapshot v1, https://goo.gl/fbAQLP

exports[`fift should parse empty.fc.fift 1`] = `
{
  "definitions": [
    {
      "id": null,
      "kind": "function_declaration",
      "name": "main",
    },
    {
      "instructions": [
        {
          "kind": "simple",
          "name": "ADD",
        },
      ],
      "kind": "function_implementation",
      "name": "main",
      "type": "generic",
    },
  ],
}
`;

exports[`fift should parse simple.fc.fift 1`] = `
{
  "definitions": [
    {
      "id": null,
      "kind": "function_declaration",
      "name": "main",
    },
    {
      "id": 98243,
      "kind": "function_declaration",
      "name": "exported1",
    },
    {
      "id": 85920,
      "kind": "function_declaration",
      "name": "exported2",
    },
    {
      "id": 89985,
      "kind": "function_declaration",
      "name": "exported3",
    },
    {
      "id": 77670,
      "kind": "function_declaration",
      "name": "exported4",
    },
    {
      "id": 81735,
      "kind": "function_declaration",
      "name": "exported5",
    },
    {
      "id": 69412,
      "kind": "function_declaration",
      "name": "exported6",
    },
    {
      "id": 73477,
      "kind": "function_declaration",
      "name": "exported7",
    },
    {
      "id": 126698,
      "kind": "function_declaration",
      "name": "exported8",
    },
    {
      "id": 130763,
      "kind": "function_declaration",
      "name": "exported9",
    },
    {
      "id": 96811,
      "kind": "function_declaration",
      "name": "exported10",
    },
    {
      "id": 92682,
      "kind": "function_declaration",
      "name": "exported11",
    },
    {
      "id": 88681,
      "kind": "function_declaration",
      "name": "exported12",
    },
    {
      "id": 84552,
      "kind": "function_declaration",
      "name": "exported13",
    },
    {
      "id": 80559,
      "kind": "function_declaration",
      "name": "exported14",
    },
    {
      "id": 76430,
      "kind": "function_declaration",
      "name": "exported15",
    },
    {
      "id": 72429,
      "kind": "function_declaration",
      "name": "exported16",
    },
    {
      "id": 68300,
      "kind": "function_declaration",
      "name": "exported17",
    },
    {
      "id": 129827,
      "kind": "function_declaration",
      "name": "exported18",
    },
    {
      "instructions": [
        {
          "kind": "simple",
          "name": "ADD",
        },
      ],
      "kind": "function_implementation",
      "name": "main",
      "type": "generic",
    },
    {
      "instructions": [
        {
          "kind": "simple",
          "name": "2DROP",
        },
        {
          "arg": 10n,
          "kind": "int",
          "name": "PUSHINT",
        },
      ],
      "kind": "function_implementation",
      "name": "exported1",
      "type": "generic",
    },
    {
      "instructions": [
        {
          "kind": "simple",
          "name": "2DROP",
        },
        {
          "arg": -3n,
          "kind": "int",
          "name": "PUSHINT",
        },
      ],
      "kind": "function_implementation",
      "name": "exported2",
      "type": "generic",
    },
    {
      "instructions": [
        {
          "kind": "simple",
          "name": "2DROP",
        },
        {
          "arg": 5n,
          "kind": "int",
          "name": "PUSHINT",
        },
      ],
      "kind": "function_implementation",
      "name": "exported3",
      "type": "generic",
    },
    {
      "instructions": [
        {
          "kind": "simple",
          "name": "2DROP",
        },
        {
          "arg": 50n,
          "kind": "int",
          "name": "PUSHINT",
        },
      ],
      "kind": "function_implementation",
      "name": "exported4",
      "type": "generic",
    },
    {
      "instructions": [
        {
          "kind": "simple",
          "name": "2DROP",
        },
        {
          "arg": -120n,
          "kind": "int",
          "name": "PUSHINT",
        },
      ],
      "kind": "function_implementation",
      "name": "exported5",
      "type": "generic",
    },
    {
      "instructions": [
        {
          "kind": "simple",
          "name": "2DROP",
        },
        {
          "arg": 32760n,
          "kind": "int",
          "name": "PUSHINT",
        },
      ],
      "kind": "function_implementation",
      "name": "exported6",
      "type": "generic",
    },
    {
      "instructions": [
        {
          "kind": "simple",
          "name": "2DROP",
        },
        {
          "arg": -32760n,
          "kind": "int",
          "name": "PUSHINT",
        },
      ],
      "kind": "function_implementation",
      "name": "exported7",
      "type": "generic",
    },
    {
      "instructions": [
        {
          "kind": "simple",
          "name": "2DROP",
        },
        {
          "arg": -3276012312312312n,
          "kind": "int",
          "name": "PUSHINT",
        },
      ],
      "kind": "function_implementation",
      "name": "exported8",
      "type": "generic",
    },
    {
      "instructions": [
        {
          "kind": "simple",
          "name": "2DROP",
        },
        {
          "arg": 3276012312312312n,
          "kind": "int",
          "name": "PUSHINT",
        },
      ],
      "kind": "function_implementation",
      "name": "exported9",
      "type": "generic",
    },
    {
      "instructions": [
        {
          "kind": "simple",
          "name": "2DROP",
        },
        {
          "arg": 8n,
          "kind": "int",
          "name": "PUSHPOW2",
        },
      ],
      "kind": "function_implementation",
      "name": "exported10",
      "type": "generic",
    },
    {
      "instructions": [
        {
          "kind": "simple",
          "name": "2DROP",
        },
        {
          "arg": 90596966400n,
          "kind": "int",
          "name": "PUSHINTX",
        },
      ],
      "kind": "function_implementation",
      "name": "exported11",
      "type": "generic",
    },
    {
      "instructions": [
        {
          "kind": "simple",
          "name": "2DROP",
        },
        {
          "arg": 1024n,
          "kind": "int",
          "name": "PUSHINTX",
        },
      ],
      "kind": "function_implementation",
      "name": "exported12",
      "type": "generic",
    },
    {
      "instructions": [
        {
          "kind": "simple",
          "name": "2DROP",
        },
        {
          "arg": 1023n,
          "kind": "int",
          "name": "PUSHINTX",
        },
      ],
      "kind": "function_implementation",
      "name": "exported13",
      "type": "generic",
    },
    {
      "instructions": [
        {
          "kind": "simple",
          "name": "2DROP",
        },
        {
          "arg": -1024n,
          "kind": "int",
          "name": "PUSHINTX",
        },
      ],
      "kind": "function_implementation",
      "name": "exported14",
      "type": "generic",
    },
    {
      "instructions": [
        {
          "arg": Cell {
            "_depths": [
              0,
              0,
              0,
              0,
            ],
            "_hashes": [
              {
                "data": [
                  43,
                  41,
                  6,
                  172,
                  111,
                  165,
                  213,
                  95,
                  151,
                  90,
                  182,
                  107,
                  105,
                  75,
                  139,
                  55,
                  88,
                  159,
                  56,
                  156,
                  76,
                  139,
                  173,
                  227,
                  57,
                  162,
                  77,
                  237,
                  252,
                  204,
                  172,
                  98,
                ],
                "type": "Buffer",
              },
              {
                "data": [
                  43,
                  41,
                  6,
                  172,
                  111,
                  165,
                  213,
                  95,
                  151,
                  90,
                  182,
                  107,
                  105,
                  75,
                  139,
                  55,
                  88,
                  159,
                  56,
                  156,
                  76,
                  139,
                  173,
                  227,
                  57,
                  162,
                  77,
                  237,
                  252,
                  204,
                  172,
                  98,
                ],
                "type": "Buffer",
              },
              {
                "data": [
                  43,
                  41,
                  6,
                  172,
                  111,
                  165,
                  213,
                  95,
                  151,
                  90,
                  182,
                  107,
                  105,
                  75,
                  139,
                  55,
                  88,
                  159,
                  56,
                  156,
                  76,
                  139,
                  173,
                  227,
                  57,
                  162,
                  77,
                  237,
                  252,
                  204,
                  172,
                  98,
                ],
                "type": "Buffer",
              },
              {
                "data": [
                  43,
                  41,
                  6,
                  172,
                  111,
                  165,
                  213,
                  95,
                  151,
                  90,
                  182,
                  107,
                  105,
                  75,
                  139,
                  55,
                  88,
                  159,
                  56,
                  156,
                  76,
                  139,
                  173,
                  227,
                  57,
                  162,
                  77,
                  237,
                  252,
                  204,
                  172,
                  98,
                ],
                "type": "Buffer",
              },
            ],
            "beginParse": [Function],
            "bits": BitString {
              "_data": {
                "data": [
                  72,
                  101,
                  108,
                  108,
                  111,
                  44,
                  32,
                  87,
                  111,
                  114,
                  108,
                  100,
                  33,
                ],
                "type": "Buffer",
              },
              "_length": 104,
              "_offset": 0,
              Symbol(nodejs.util.inspect.custom): [Function],
            },
            "depth": [Function],
            "equals": [Function],
            "hash": [Function],
            "level": [Function],
            "mask": LevelMask {
              "_hashCount": 1,
              "_hashIndex": 0,
              "_mask": 0,
            },
            "refs": [],
            "type": -1,
            Symbol(nodejs.util.inspect.custom): [Function],
          },
          "kind": "ref",
          "name": "PUSHSLICE",
        },
      ],
      "kind": "function_implementation",
      "name": "exported15",
      "type": "generic",
    },
    {
      "instructions": [
        {
          "arg": Cell {
            "_depths": [
              0,
              0,
              0,
              0,
            ],
            "_hashes": [
              {
                "data": [
                  150,
                  162,
                  150,
                  210,
                  36,
                  242,
                  133,
                  198,
                  123,
                  238,
                  147,
                  195,
                  15,
                  138,
                  48,
                  145,
                  87,
                  240,
                  218,
                  163,
                  93,
                  197,
                  184,
                  126,
                  65,
                  11,
                  120,
                  99,
                  10,
                  9,
                  207,
                  199,
                ],
                "type": "Buffer",
              },
              {
                "data": [
                  150,
                  162,
                  150,
                  210,
                  36,
                  242,
                  133,
                  198,
                  123,
                  238,
                  147,
                  195,
                  15,
                  138,
                  48,
                  145,
                  87,
                  240,
                  218,
                  163,
                  93,
                  197,
                  184,
                  126,
                  65,
                  11,
                  120,
                  99,
                  10,
                  9,
                  207,
                  199,
                ],
                "type": "Buffer",
              },
              {
                "data": [
                  150,
                  162,
                  150,
                  210,
                  36,
                  242,
                  133,
                  198,
                  123,
                  238,
                  147,
                  195,
                  15,
                  138,
                  48,
                  145,
                  87,
                  240,
                  218,
                  163,
                  93,
                  197,
                  184,
                  126,
                  65,
                  11,
                  120,
                  99,
                  10,
                  9,
                  207,
                  199,
                ],
                "type": "Buffer",
              },
              {
                "data": [
                  150,
                  162,
                  150,
                  210,
                  36,
                  242,
                  133,
                  198,
                  123,
                  238,
                  147,
                  195,
                  15,
                  138,
                  48,
                  145,
                  87,
                  240,
                  218,
                  163,
                  93,
                  197,
                  184,
                  126,
                  65,
                  11,
                  120,
                  99,
                  10,
                  9,
                  207,
                  199,
                ],
                "type": "Buffer",
              },
            ],
            "beginParse": [Function],
            "bits": BitString {
              "_data": {
                "data": [],
                "type": "Buffer",
              },
              "_length": 0,
              "_offset": 0,
              Symbol(nodejs.util.inspect.custom): [Function],
            },
            "depth": [Function],
            "equals": [Function],
            "hash": [Function],
            "level": [Function],
            "mask": LevelMask {
              "_hashCount": 1,
              "_hashIndex": 0,
              "_mask": 0,
            },
            "refs": [],
            "type": -1,
            Symbol(nodejs.util.inspect.custom): [Function],
          },
          "kind": "ref",
          "name": "PUSHSLICE",
        },
      ],
      "kind": "function_implementation",
      "name": "exported16",
      "type": "generic",
    },
    {
      "instructions": [
        {
          "arg": Cell {
            "_depths": [
              0,
              0,
              0,
              0,
            ],
            "_hashes": [
              {
                "data": [
                  241,
                  24,
                  193,
                  181,
                  112,
                  110,
                  55,
                  48,
                  76,
                  203,
                  239,
                  126,
                  26,
                  89,
                  2,
                  107,
                  35,
                  96,
                  229,
                  17,
                  247,
                  168,
                  193,
                  0,
                  60,
                  53,
                  77,
                  25,
                  67,
                  177,
                  209,
                  76,
                ],
                "type": "Buffer",
              },
              {
                "data": [
                  241,
                  24,
                  193,
                  181,
                  112,
                  110,
                  55,
                  48,
                  76,
                  203,
                  239,
                  126,
                  26,
                  89,
                  2,
                  107,
                  35,
                  96,
                  229,
                  17,
                  247,
                  168,
                  193,
                  0,
                  60,
                  53,
                  77,
                  25,
                  67,
                  177,
                  209,
                  76,
                ],
                "type": "Buffer",
              },
              {
                "data": [
                  241,
                  24,
                  193,
                  181,
                  112,
                  110,
                  55,
                  48,
                  76,
                  203,
                  239,
                  126,
                  26,
                  89,
                  2,
                  107,
                  35,
                  96,
                  229,
                  17,
                  247,
                  168,
                  193,
                  0,
                  60,
                  53,
                  77,
                  25,
                  67,
                  177,
                  209,
                  76,
                ],
                "type": "Buffer",
              },
              {
                "data": [
                  241,
                  24,
                  193,
                  181,
                  112,
                  110,
                  55,
                  48,
                  76,
                  203,
                  239,
                  126,
                  26,
                  89,
                  2,
                  107,
                  35,
                  96,
                  229,
                  17,
                  247,
                  168,
                  193,
                  0,
                  60,
                  53,
                  77,
                  25,
                  67,
                  177,
                  209,
                  76,
                ],
                "type": "Buffer",
              },
            ],
            "beginParse": [Function],
            "bits": BitString {
              "_data": {
                "data": [
                  49,
                  50,
                  51,
                ],
                "type": "Buffer",
              },
              "_length": 24,
              "_offset": 0,
              Symbol(nodejs.util.inspect.custom): [Function],
            },
            "depth": [Function],
            "equals": [Function],
            "hash": [Function],
            "level": [Function],
            "mask": LevelMask {
              "_hashCount": 1,
              "_hashIndex": 0,
              "_mask": 0,
            },
            "refs": [],
            "type": -1,
            Symbol(nodejs.util.inspect.custom): [Function],
          },
          "kind": "ref",
          "name": "PUSHSLICE",
        },
      ],
      "kind": "function_implementation",
      "name": "exported17",
      "type": "generic",
    },
    {
      "instructions": [
        {
          "arg": Cell {
            "_depths": [
              0,
              0,
              0,
              0,
            ],
            "_hashes": [
              {
                "data": [
                  205,
                  174,
                  209,
                  206,
                  71,
                  147,
                  130,
                  133,
                  175,
                  142,
                  234,
                  223,
                  2,
                  246,
                  73,
                  165,
                  190,
                  174,
                  47,
                  207,
                  247,
                  248,
                  144,
                  177,
                  184,
                  172,
                  212,
                  132,
                  105,
                  252,
                  158,
                  29,
                ],
                "type": "Buffer",
              },
              {
                "data": [
                  205,
                  174,
                  209,
                  206,
                  71,
                  147,
                  130,
                  133,
                  175,
                  142,
                  234,
                  223,
                  2,
                  246,
                  73,
                  165,
                  190,
                  174,
                  47,
                  207,
                  247,
                  248,
                  144,
                  177,
                  184,
                  172,
                  212,
                  132,
                  105,
                  252,
                  158,
                  29,
                ],
                "type": "Buffer",
              },
              {
                "data": [
                  205,
                  174,
                  209,
                  206,
                  71,
                  147,
                  130,
                  133,
                  175,
                  142,
                  234,
                  223,
                  2,
                  246,
                  73,
                  165,
                  190,
                  174,
                  47,
                  207,
                  247,
                  248,
                  144,
                  177,
                  184,
                  172,
                  212,
                  132,
                  105,
                  252,
                  158,
                  29,
                ],
                "type": "Buffer",
              },
              {
                "data": [
                  205,
                  174,
                  209,
                  206,
                  71,
                  147,
                  130,
                  133,
                  175,
                  142,
                  234,
                  223,
                  2,
                  246,
                  73,
                  165,
                  190,
                  174,
                  47,
                  207,
                  247,
                  248,
                  144,
                  177,
                  184,
                  172,
                  212,
                  132,
                  105,
                  252,
                  158,
                  29,
                ],
                "type": "Buffer",
              },
            ],
            "beginParse": [Function],
            "bits": BitString {
              "_data": {
                "data": [
                  49,
                  50,
                  51,
                  49,
                  50,
                  51,
                  49,
                  50,
                  51,
                  49,
                  50,
                  51,
                  49,
                  50,
                  51,
                  49,
                  50,
                  51,
                  49,
                  50,
                  51,
                  49,
                  50,
                  51,
                  49,
                  50,
                  51,
                  49,
                  50,
                  51,
                  49,
                  50,
                  51,
                  49,
                  50,
                  51,
                  49,
                  50,
                  51,
                  49,
                  50,
                  51,
                  49,
                  50,
                  51,
                ],
                "type": "Buffer",
              },
              "_length": 360,
              "_offset": 0,
              Symbol(nodejs.util.inspect.custom): [Function],
            },
            "depth": [Function],
            "equals": [Function],
            "hash": [Function],
            "level": [Function],
            "mask": LevelMask {
              "_hashCount": 1,
              "_hashIndex": 0,
              "_mask": 0,
            },
            "refs": [],
            "type": -1,
            Symbol(nodejs.util.inspect.custom): [Function],
          },
          "kind": "ref",
          "name": "PUSHSLICE",
        },
      ],
      "kind": "function_implementation",
      "name": "exported18",
      "type": "generic",
    },
  ],
}
`;
